******************************************************************************
             TMS320C2000 Linker PC v5.2.1                      
******************************************************************************
>> Linked Mon Jun 18 15:49:56 2012

OUTPUT FILE NAME:   <../pmsm.out>
ENTRY POINT SYMBOL: "_c_int00"  address: 0000bd4c


MEMORY CONFIGURATION

         name            origin    length      used     unused   attr    fill
----------------------  --------  ---------  --------  --------  ----  --------
PAGE 0:
  BEGIN                 00000000   00000002  00000000  00000002  RWIX
  RAMM0                 00000050   000003b0  00000000  000003b0  RWIX
  RAML0                 00008000   00001000  000001a3  00000e5d  RWIX
  RAML1L2               00009000   00002000  00000050  00001fb0  RWIX
  RAML3                 0000b000   00001000  00000feb  00000015  RWIX
  XRAM                  00100000   00010000  00000000  00010000  RWIX
  ZONE7A                00200000   0000fc00  00000000  0000fc00  RWIX
  CSM_RSVD              0033ff80   00000076  00000000  00000076  RWIX
  CSM_PWL               0033fff8   00000008  00000000  00000008  RWIX
  ADC_CAL               00380080   00000009  00000007  00000002  RWIX
  IQTABLES              003fe000   00000b50  00000b50  00000000  RWIX
  IQTABLES2             003feb50   0000008c  00000000  0000008c  RWIX
  FPUTABLES             003febdc   000006a0  00000000  000006a0  RWIX
  BOOTROM               003ff27c   00000d44  00000000  00000d44  RWIX
  RESET                 003fffc0   00000002  00000000  00000002  RWIX

PAGE 1:
  BOOT_RSVD             00000002   0000004e  00000000  0000004e  RWIX
  RAMM1                 00000400   00000400  00000050  000003b0  RWIX
  DEV_EMU               00000880   00000180  000000d0  000000b0  RWIX
  FLASH_REGS            00000a80   00000060  00000008  00000058  RWIX
  CSM                   00000ae0   00000010  00000010  00000000  RWIX
  ADC_MIRROR            00000b00   00000010  00000010  00000000  RWIX
  XINTF                 00000b20   00000020  0000001e  00000002  RWIX
  CPU_TIMER0            00000c00   00000008  00000008  00000000  RWIX
  CPU_TIMER1            00000c08   00000008  00000008  00000000  RWIX
  CPU_TIMER2            00000c10   00000008  00000008  00000000  RWIX
  PIE_CTRL              00000ce0   00000020  0000001a  00000006  RWIX
  PIE_VECT              00000d00   00000100  00000100  00000000  RWIX
  DMA                   00001000   00000200  000000e0  00000120  RWIX
  MCBSPA                00005000   00000040  00000025  0000001b  RWIX
  MCBSPB                00005040   00000040  00000025  0000001b  RWIX
  ECANA                 00006000   00000040  00000034  0000000c  RWIX
  ECANA_LAM             00006040   00000040  00000040  00000000  RWIX
  ECANA_MOTS            00006080   00000040  00000040  00000000  RWIX
  ECANA_MOTO            000060c0   00000040  00000040  00000000  RWIX
  ECANA_MBOX            00006100   00000100  00000100  00000000  RWIX
  ECANB                 00006200   00000040  00000034  0000000c  RWIX
  ECANB_LAM             00006240   00000040  00000040  00000000  RWIX
  ECANB_MOTS            00006280   00000040  00000040  00000000  RWIX
  ECANB_MOTO            000062c0   00000040  00000040  00000000  RWIX
  ECANB_MBOX            00006300   00000100  00000100  00000000  RWIX
  EPWM1                 00006800   00000022  00000022  00000000  RWIX
  EPWM2                 00006840   00000022  00000022  00000000  RWIX
  EPWM3                 00006880   00000022  00000022  00000000  RWIX
  EPWM4                 000068c0   00000022  00000022  00000000  RWIX
  EPWM5                 00006900   00000022  00000022  00000000  RWIX
  EPWM6                 00006940   00000022  00000022  00000000  RWIX
  ECAP1                 00006a00   00000020  00000020  00000000  RWIX
  ECAP2                 00006a20   00000020  00000020  00000000  RWIX
  ECAP3                 00006a40   00000020  00000020  00000000  RWIX
  ECAP4                 00006a60   00000020  00000020  00000000  RWIX
  ECAP5                 00006a80   00000020  00000020  00000000  RWIX
  ECAP6                 00006aa0   00000020  00000020  00000000  RWIX
  EQEP1                 00006b00   00000040  00000040  00000000  RWIX
  EQEP2                 00006b40   00000040  00000040  00000000  RWIX
  GPIOCTRL              00006f80   00000040  0000002e  00000012  RWIX
  GPIODAT               00006fc0   00000020  00000020  00000000  RWIX
  GPIOINT               00006fe0   00000020  0000000a  00000016  RWIX
  SYSTEM                00007010   00000020  00000020  00000000  RWIX
  SPIA                  00007040   00000010  00000010  00000000  RWIX
  SCIA                  00007050   00000010  00000010  00000000  RWIX
  XINTRUPT              00007070   00000010  00000010  00000000  RWIX
  ADC                   00007100   00000020  0000001e  00000002  RWIX
  SCIB                  00007750   00000010  00000010  00000000  RWIX
  SCIC                  00007770   00000010  00000010  00000000  RWIX
  I2CA                  00007900   00000040  00000022  0000001e  RWIX
  RAML4                 0000c000   00001000  0000016a  00000e96  RWIX
  RAML5                 0000d000   00001000  00000392  00000c6e  RWIX
  RAML6                 0000e000   00001000  00000000  00001000  RWIX
  RAML7                 0000f000   00001000  00000000  00001000  RWIX
  DLOGSPACE             00100000   00010000  00002000  0000e000  RWIX
  ZONE7B                0020fc00   00000400  00000000  00000400  RWIX
  CSM_PWL               0033fff8   00000008  00000008  00000000  RWIX
  PARTID                00380090   00000001  00000001  00000000  RWIX


SECTION ALLOCATION MAP

 output                                  attributes/
section   page    origin      length       input sections
--------  ----  ----------  ----------   ----------------
.pinit     0    00008000    00000000     UNINITIALIZED

.cinit     0    00008000    00000184     
                  00008000    0000016e     pmsm.obj (.cinit)
                  0000816e    0000000a     rts2800_ml.lib : _lock.obj (.cinit)
                  00008178    0000000a                    : exit.obj (.cinit)
                  00008182    00000002     --HOLE-- [fill = 0]

ramfuncs   0    00008184    0000001f     
                  00008184    0000001b     DSP2833x_SysCtrl.obj (ramfuncs)
                  0000819f    00000004     DSP2833x_usDelay.obj (ramfuncs)

IQmath     0    00009000    00000050     
                  00009000    00000029     IQmath.lib : IQ24sinPU.obj (IQmath)
                  00009029    00000027                : IQ24cosPU.obj (IQmath)

.text      0    0000b000    00000feb     
                  0000b000    00000270     pmsm.obj (.text)
                  0000b270    0000018b     DSP2833x_DefaultIsr.obj (.text)
                  0000b3fb    00000174     svgen_dq.obj (.text)
                  0000b56f    00000143     atan2_tab.obj (.text)
                  0000b6b2    000000f5     DSP2833x_SysCtrl.obj (.text)
                  0000b7a7    000000ed     F28335_pwm.obj (.text)
                  0000b894    000000a2     F28335_vdc.obj (.text)
                  0000b936    00000083     rts2800_ml.lib : fd_mpy.obj (.text)
                  0000b9b9    00000083                    : fs_div.obj (.text)
                  0000ba3c    00000080     pid_reg3.obj (.text)
                  0000babc    00000078     rts2800_ml.lib : fs_add.obj (.text)
                  0000bb34    00000077     F28335_qep.obj (.text)
                  0000bbab    0000006b     speed_fr.obj (.text)
                  0000bc16    0000005a     rts2800_ml.lib : fs_mpy.obj (.text)
                  0000bc70    0000004b     DLOG4CHC.obj (.text)
                  0000bcbb    0000004a     rmp_cntl.obj (.text)
                  0000bd05    00000047     rampgen.obj (.text)
                  0000bd4c    00000044     rts2800_ml.lib : boot.obj (.text)
                  0000bd90    00000040     fix_float.obj (.text)
                  0000bdd0    00000037     ipark.obj (.text)
                  0000be07    00000037     park.obj (.text)
                  0000be3e    00000029     rts2800_ml.lib : fs_tol.obj (.text)
                  0000be67    00000028     DSP2833x_PieCtrl.obj (.text)
                  0000be8f    00000025     rts2800_ml.lib : fs_toi.obj (.text)
                  0000beb4    00000021                    : memcpy_ff.obj (.text)
                  0000bed5    00000020     DSP2833x_PieVect.obj (.text)
                  0000bef5    0000001f     rts2800_ml.lib : fd_tol.obj (.text)
                  0000bf14    0000001e     clarke.obj (.text)
                  0000bf32    0000001c     rts2800_ml.lib : fs_tofd.obj (.text)
                  0000bf4e    0000001b                    : args_main.obj (.text)
                  0000bf69    0000001a                    : i_tofs.obj (.text)
                  0000bf83    0000001a                    : l_tofs.obj (.text)
                  0000bf9d    00000019                    : exit.obj (.text)
                  0000bfb6    00000017                    : fs_cmp.obj (.text)
                  0000bfcd    00000010                    : u_tofs.obj (.text)
                  0000bfdd    00000009                    : _lock.obj (.text)
                  0000bfe6    00000005                    : fs_neg.obj (.text)

csm_rsvd   0    0033ff80    00000000     DSECT

csmpasswds 
*          0    0033fff8    00000000     DSECT

.adc_cal   0    00380080    00000007     NOLOAD SECTION
                  00380080    00000007     DSP2833x_ADC_cal.obj (.adc_cal)

IQmathTables 
*          0    003fe000    00000b50     NOLOAD SECTION
                  003fe000    00000b50     IQmath.lib : IQmathTables.ob (IQmathTables)

.reset     0    003fffc0    00000002     DSECT
                  003fffc0    00000002     rts2800_ml.lib : boot.obj (.reset)

.stack     1    00000400    00000050     UNINITIALIZED
                  00000400    00000050     --HOLE--

DevEmuRegsFile 
*          1    00000880    000000d0     UNINITIALIZED
                  00000880    000000d0     DSP2833x_GlobalVariableDefs.obj (DevEmuRegsFile)

FlashRegsFile 
*          1    00000a80    00000008     UNINITIALIZED
                  00000a80    00000008     DSP2833x_GlobalVariableDefs.obj (FlashRegsFile)

CsmRegsFile 
*          1    00000ae0    00000010     UNINITIALIZED
                  00000ae0    00000010     DSP2833x_GlobalVariableDefs.obj (CsmRegsFile)

AdcMirrorFile 
*          1    00000b00    00000010     UNINITIALIZED
                  00000b00    00000010     DSP2833x_GlobalVariableDefs.obj (AdcMirrorFile)

XintfRegsFile 
*          1    00000b20    0000001e     UNINITIALIZED
                  00000b20    0000001e     DSP2833x_GlobalVariableDefs.obj (XintfRegsFile)

CpuTimer0RegsFile 
*          1    00000c00    00000008     UNINITIALIZED
                  00000c00    00000008     DSP2833x_GlobalVariableDefs.obj (CpuTimer0RegsFile)

CpuTimer1RegsFile 
*          1    00000c08    00000008     UNINITIALIZED
                  00000c08    00000008     DSP2833x_GlobalVariableDefs.obj (CpuTimer1RegsFile)

CpuTimer2RegsFile 
*          1    00000c10    00000008     UNINITIALIZED
                  00000c10    00000008     DSP2833x_GlobalVariableDefs.obj (CpuTimer2RegsFile)

PieCtrlRegsFile 
*          1    00000ce0    0000001a     UNINITIALIZED
                  00000ce0    0000001a     DSP2833x_GlobalVariableDefs.obj (PieCtrlRegsFile)

PieVectTableFile 
*          1    00000d00    00000100     UNINITIALIZED
                  00000d00    00000100     DSP2833x_GlobalVariableDefs.obj (PieVectTableFile)

DmaRegsFile 
*          1    00001000    000000e0     UNINITIALIZED
                  00001000    000000e0     DSP2833x_GlobalVariableDefs.obj (DmaRegsFile)

McbspaRegsFile 
*          1    00005000    00000025     UNINITIALIZED
                  00005000    00000025     DSP2833x_GlobalVariableDefs.obj (McbspaRegsFile)

McbspbRegsFile 
*          1    00005040    00000025     UNINITIALIZED
                  00005040    00000025     DSP2833x_GlobalVariableDefs.obj (McbspbRegsFile)

ECanaRegsFile 
*          1    00006000    00000034     UNINITIALIZED
                  00006000    00000034     DSP2833x_GlobalVariableDefs.obj (ECanaRegsFile)

ECanaLAMRegsFile 
*          1    00006040    00000040     UNINITIALIZED
                  00006040    00000040     DSP2833x_GlobalVariableDefs.obj (ECanaLAMRegsFile)

ECanaMOTSRegsFile 
*          1    00006080    00000040     UNINITIALIZED
                  00006080    00000040     DSP2833x_GlobalVariableDefs.obj (ECanaMOTSRegsFile)

ECanaMOTORegsFile 
*          1    000060c0    00000040     UNINITIALIZED
                  000060c0    00000040     DSP2833x_GlobalVariableDefs.obj (ECanaMOTORegsFile)

ECanaMboxesFile 
*          1    00006100    00000100     UNINITIALIZED
                  00006100    00000100     DSP2833x_GlobalVariableDefs.obj (ECanaMboxesFile)

ECanbRegsFile 
*          1    00006200    00000034     UNINITIALIZED
                  00006200    00000034     DSP2833x_GlobalVariableDefs.obj (ECanbRegsFile)

ECanbLAMRegsFile 
*          1    00006240    00000040     UNINITIALIZED
                  00006240    00000040     DSP2833x_GlobalVariableDefs.obj (ECanbLAMRegsFile)

ECanbMOTSRegsFile 
*          1    00006280    00000040     UNINITIALIZED
                  00006280    00000040     DSP2833x_GlobalVariableDefs.obj (ECanbMOTSRegsFile)

ECanbMOTORegsFile 
*          1    000062c0    00000040     UNINITIALIZED
                  000062c0    00000040     DSP2833x_GlobalVariableDefs.obj (ECanbMOTORegsFile)

ECanbMboxesFile 
*          1    00006300    00000100     UNINITIALIZED
                  00006300    00000100     DSP2833x_GlobalVariableDefs.obj (ECanbMboxesFile)

EPwm1RegsFile 
*          1    00006800    00000022     UNINITIALIZED
                  00006800    00000022     DSP2833x_GlobalVariableDefs.obj (EPwm1RegsFile)

EPwm2RegsFile 
*          1    00006840    00000022     UNINITIALIZED
                  00006840    00000022     DSP2833x_GlobalVariableDefs.obj (EPwm2RegsFile)

EPwm3RegsFile 
*          1    00006880    00000022     UNINITIALIZED
                  00006880    00000022     DSP2833x_GlobalVariableDefs.obj (EPwm3RegsFile)

EPwm4RegsFile 
*          1    000068c0    00000022     UNINITIALIZED
                  000068c0    00000022     DSP2833x_GlobalVariableDefs.obj (EPwm4RegsFile)

EPwm5RegsFile 
*          1    00006900    00000022     UNINITIALIZED
                  00006900    00000022     DSP2833x_GlobalVariableDefs.obj (EPwm5RegsFile)

EPwm6RegsFile 
*          1    00006940    00000022     UNINITIALIZED
                  00006940    00000022     DSP2833x_GlobalVariableDefs.obj (EPwm6RegsFile)

ECap1RegsFile 
*          1    00006a00    00000020     UNINITIALIZED
                  00006a00    00000020     DSP2833x_GlobalVariableDefs.obj (ECap1RegsFile)

ECap2RegsFile 
*          1    00006a20    00000020     UNINITIALIZED
                  00006a20    00000020     DSP2833x_GlobalVariableDefs.obj (ECap2RegsFile)

ECap3RegsFile 
*          1    00006a40    00000020     UNINITIALIZED
                  00006a40    00000020     DSP2833x_GlobalVariableDefs.obj (ECap3RegsFile)

ECap4RegsFile 
*          1    00006a60    00000020     UNINITIALIZED
                  00006a60    00000020     DSP2833x_GlobalVariableDefs.obj (ECap4RegsFile)

ECap5RegsFile 
*          1    00006a80    00000020     UNINITIALIZED
                  00006a80    00000020     DSP2833x_GlobalVariableDefs.obj (ECap5RegsFile)

ECap6RegsFile 
*          1    00006aa0    00000020     UNINITIALIZED
                  00006aa0    00000020     DSP2833x_GlobalVariableDefs.obj (ECap6RegsFile)

EQep1RegsFile 
*          1    00006b00    00000040     UNINITIALIZED
                  00006b00    00000040     DSP2833x_GlobalVariableDefs.obj (EQep1RegsFile)

EQep2RegsFile 
*          1    00006b40    00000040     UNINITIALIZED
                  00006b40    00000040     DSP2833x_GlobalVariableDefs.obj (EQep2RegsFile)

GpioCtrlRegsFile 
*          1    00006f80    0000002e     UNINITIALIZED
                  00006f80    0000002e     DSP2833x_GlobalVariableDefs.obj (GpioCtrlRegsFile)

GpioDataRegsFile 
*          1    00006fc0    00000020     UNINITIALIZED
                  00006fc0    00000020     DSP2833x_GlobalVariableDefs.obj (GpioDataRegsFile)

GpioIntRegsFile 
*          1    00006fe0    0000000a     UNINITIALIZED
                  00006fe0    0000000a     DSP2833x_GlobalVariableDefs.obj (GpioIntRegsFile)

SysCtrlRegsFile 
*          1    00007010    00000020     UNINITIALIZED
                  00007010    00000020     DSP2833x_GlobalVariableDefs.obj (SysCtrlRegsFile)

SpiaRegsFile 
*          1    00007040    00000010     UNINITIALIZED
                  00007040    00000010     DSP2833x_GlobalVariableDefs.obj (SpiaRegsFile)

SciaRegsFile 
*          1    00007050    00000010     UNINITIALIZED
                  00007050    00000010     DSP2833x_GlobalVariableDefs.obj (SciaRegsFile)

XIntruptRegsFile 
*          1    00007070    00000010     UNINITIALIZED
                  00007070    00000010     DSP2833x_GlobalVariableDefs.obj (XIntruptRegsFile)

AdcRegsFile 
*          1    00007100    0000001e     UNINITIALIZED
                  00007100    0000001e     DSP2833x_GlobalVariableDefs.obj (AdcRegsFile)

ScibRegsFile 
*          1    00007750    00000010     UNINITIALIZED
                  00007750    00000010     DSP2833x_GlobalVariableDefs.obj (ScibRegsFile)

ScicRegsFile 
*          1    00007770    00000010     UNINITIALIZED
                  00007770    00000010     DSP2833x_GlobalVariableDefs.obj (ScicRegsFile)

I2caRegsFile 
*          1    00007900    00000022     UNINITIALIZED
                  00007900    00000022     DSP2833x_GlobalVariableDefs.obj (I2caRegsFile)

.ebss      1    0000c000    0000016a     UNINITIALIZED
                  0000c000    00000162     pmsm.obj (.ebss)
                  0000c162    00000004     rts2800_ml.lib : _lock.obj (.ebss)
                  0000c166    00000004                    : exit.obj (.ebss)

.econst    1    0000d000    00000392     
                  0000d000    00000202     atan_tab.obj (.econst:_atan_tab)
                  0000d202    00000100     DSP2833x_PieVect.obj (.econst)
                  0000d302    00000040     fix_float.obj (.econst:_$P$T0$1)
                  0000d342    00000040     fix_float.obj (.econst:_$P$T1$2)
                  0000d382    0000000c     pmsm.obj (.econst)
                  0000d38e    00000004     F28335_vdc.obj (.econst)

DLOG       1    00100000    00002000     UNINITIALIZED
                  00100000    00002000     DLOG4CHC.obj (DLOG)

CsmPwlFile 
*          1    0033fff8    00000008     UNINITIALIZED
                  0033fff8    00000008     DSP2833x_GlobalVariableDefs.obj (CsmPwlFile)

PartIdRegsFile 
*          1    00380090    00000001     UNINITIALIZED
                  00380090    00000001     DSP2833x_GlobalVariableDefs.obj (PartIdRegsFile)


GLOBAL SYMBOLS: SORTED ALPHABETICALLY BY Name 

address    name
--------   ----
0000b000   .text
0000bf9d   C$$EXIT
0000b936   FD$$MPY
0000bef5   FD$$TOL
0000bac1   FS$$ADD
0000bfb6   FS$$CMP
0000b9b9   FS$$DIV
0000bc16   FS$$MPY
0000bfe6   FS$$NEG
0000babc   FS$$SUB
0000bf32   FS$$TOFD
0000be8f   FS$$TOI
0000be3e   FS$$TOL
0000bf69   I$$TOFS
0000bf83   L$$TOFS
0000bfcd   U$$TOFS
0000b2e3   _ADCINT_ISR
00380080   _ADC_cal
00000b00   _AdcMirror
00007100   _AdcRegs
0000c009   _BackTicker
00000c00   _CpuTimer0Regs
00000c08   _CpuTimer1Regs
00000c10   _CpuTimer2Regs
0033fff8   _CsmPwl
00000ae0   _CsmRegs
0000b776   _CsmUnlock
0000b27a   _DATALOG_ISR
0000b374   _DINTCH1_ISR
0000b379   _DINTCH2_ISR
0000b37e   _DINTCH3_ISR
0000b383   _DINTCH4_ISR
0000b388   _DINTCH5_ISR
0000b38d   _DINTCH6_ISR
0000bc70   _DLOG_4CH_init
0000bc7b   _DLOG_4CH_update
0000819f   _DSP28x_usDelay
00000880   _DevEmuRegs
0000b6c5   _DisableDog
00001000   _DmaRegs
0000b3ba   _ECAN0INTA_ISR
0000b3c4   _ECAN0INTB_ISR
0000b3bf   _ECAN1INTA_ISR
0000b3c9   _ECAN1INTB_ISR
0000b32e   _ECAP1_INT_ISR
0000b333   _ECAP2_INT_ISR
0000b338   _ECAP3_INT_ISR
0000b33d   _ECAP4_INT_ISR
0000b342   _ECAP5_INT_ISR
0000b347   _ECAP6_INT_ISR
00006040   _ECanaLAMRegs
000060c0   _ECanaMOTORegs
00006080   _ECanaMOTSRegs
00006100   _ECanaMboxes
00006000   _ECanaRegs
00006240   _ECanbLAMRegs
000062c0   _ECanbMOTORegs
00006280   _ECanbMOTSRegs
00006300   _ECanbMboxes
00006200   _ECanbRegs
00006a00   _ECap1Regs
00006a20   _ECap2Regs
00006a40   _ECap3Regs
00006a60   _ECap4Regs
00006a80   _ECap5Regs
00006aa0   _ECap6Regs
0000b284   _EMUINT_ISR
0000b310   _EPWM1_INT_ISR
0000b2f2   _EPWM1_TZINT_ISR
0000b315   _EPWM2_INT_ISR
0000b2f7   _EPWM2_TZINT_ISR
0000b31a   _EPWM3_INT_ISR
0000b2fc   _EPWM3_TZINT_ISR
0000b31f   _EPWM4_INT_ISR
0000b301   _EPWM4_TZINT_ISR
0000b324   _EPWM5_INT_ISR
0000b306   _EPWM5_TZINT_ISR
0000b329   _EPWM6_INT_ISR
0000b30b   _EPWM6_TZINT_ISR
00006800   _EPwm1Regs
00006840   _EPwm2Regs
00006880   _EPwm3Regs
000068c0   _EPwm4Regs
00006900   _EPwm5Regs
00006940   _EPwm6Regs
0000b34c   _EQEP1_INT_ISR
0000b351   _EQEP2_INT_ISR
00006b00   _EQep1Regs
00006b40   _EQep2Regs
0000be86   _EnableInterrupts
0000b7a7   _F28335_PWM_Init
0000b852   _F28335_PWM_Update
0000bb5d   _F28335_QEP_Calc
0000bb34   _F28335_QEP_Init
0000bb9b   _F28335_QEP_Isr
0000b894   _F28335_ileg2_dcbus_drv_init
0000b8d5   _F28335_ileg2_dcbus_drv_read
00000a80   _FlashRegs
00006f80   _GpioCtrlRegs
00006fc0   _GpioDataRegs
00006fe0   _GpioIntRegs
0000b392   _I2CINT1A_ISR
0000b397   _I2CINT2A_ISR
00007900   _I2caRegs
0000b28e   _ILLEGAL_ISR
0000b270   _INT13_ISR
0000b275   _INT14_ISR
003fead8   _IQ10mpyRndSatTable
003feacc   _IQ11mpyRndSatTable
003feac0   _IQ12mpyRndSatTable
003feab4   _IQ13mpyRndSatTable
003feaa8   _IQ14mpyRndSatTable
003fea9c   _IQ15mpyRndSatTable
003fea90   _IQ16mpyRndSatTable
003fea84   _IQ17mpyRndSatTable
003fea78   _IQ18mpyRndSatTable
003fea6c   _IQ19mpyRndSatTable
003feb44   _IQ1mpyRndSatTable
003fea60   _IQ20mpyRndSatTable
003fea54   _IQ21mpyRndSatTable
003fea48   _IQ22mpyRndSatTable
003fea3c   _IQ23mpyRndSatTable
003fea30   _IQ24mpyRndSatTable
003fea24   _IQ25mpyRndSatTable
003fea18   _IQ26mpyRndSatTable
003fea0c   _IQ27mpyRndSatTable
003fea00   _IQ28mpyRndSatTable
003fe9f4   _IQ29mpyRndSatTable
003feb38   _IQ2mpyRndSatTable
003fe9e8   _IQ30mpyRndSatTable
003feb2c   _IQ3mpyRndSatTable
003feb20   _IQ4mpyRndSatTable
003feb14   _IQ5mpyRndSatTable
003feb08   _IQ6mpyRndSatTable
003feafc   _IQ7mpyRndSatTable
003feaf0   _IQ8mpyRndSatTable
003feae4   _IQ9mpyRndSatTable
003fe824   _IQatan2HalfPITable
003fe862   _IQatan2Table
003fe9e8   _IQatan2TableEnd
003fe100   _IQcosTable
003fe502   _IQcosTableEnd
003fe502   _IQdivRoundSatTable
003fe510   _IQdivTable
003fe712   _IQdivTableEnd
003fe712   _IQisqrtRoundSatTable
003fe722   _IQisqrtTable
003fe824   _IQisqrtTableEnd
003fe9e8   _IQmpyRndSatTable
003feb50   _IQmpyRndSatTableEnd
003fe000   _IQsinTable
003fe400   _IQsinTableEnd
003fe712   _IQsqrtRoundSatTable
003fe722   _IQsqrtTable
003fe824   _IQsqrtTableEnd
0000c010   _Id_ref
00008184   _InitFlash
0000b71b   _InitPeripheralClocks
0000be67   _InitPieCtrl
0000bed5   _InitPieVectTable
0000b6cd   _InitPll
0000b6b2   _InitSysCtrl
0000c014   _Iq_ref
0000c004   _IsrTicker
0000b3ec   _LUF_ISR
0000b3e7   _LVF_ISR
0000b36a   _MRINTA_ISR
0000b360   _MRINTB_ISR
0000b36f   _MXINTA_ISR
0000b365   _MXINTB_ISR
00005000   _McbspaRegs
00005040   _McbspbRegs
0000b289   _NMI_ISR
0000b3f1   _PIE_RESERVED
0000b1b4   _PWM_ISR
00380090   _PartIdRegs
00000ce0   _PieCtrlRegs
00000d00   _PieVectTable
0000d202   _PieVectTableInit
0000b27f   _RTOSINT_ISR
0000b3a6   _SCIRXINTA_ISR
0000b3b0   _SCIRXINTB_ISR
0000b39c   _SCIRXINTC_ISR
0000b3ab   _SCITXINTA_ISR
0000b3b5   _SCITXINTB_ISR
0000b3a1   _SCITXINTC_ISR
0000b2cf   _SEQ1INT_ISR
0000b2d4   _SEQ2INT_ISR
0000b356   _SPIRXINTA_ISR
0000b35b   _SPITXINTA_ISR
00007050   _SciaRegs
00007750   _ScibRegs
00007770   _ScicRegs
0000b6bb   _ServiceDog
00007040   _SpiaRegs
00007010   _SysCtrlRegs
0000c016   _T
0000b2e8   _TINT0_ISR
0000b2c0   _USER10_ISR
0000b2c5   _USER11_ISR
0000b2ca   _USER12_ISR
0000b293   _USER1_ISR
0000b298   _USER2_ISR
0000b29d   _USER3_ISR
0000b2a2   _USER4_ISR
0000b2a7   _USER5_ISR
0000b2ac   _USER6_ISR
0000b2b1   _USER7_ISR
0000b2b6   _USER8_ISR
0000b2bb   _USER9_ISR
0000c00e   _Vd_testing
0000c00c   _Vq_testing
0000b2ed   _WAKEINT_ISR
0000b2d9   _XINT1_ISR
0000b2de   _XINT2_ISR
0000b3ce   _XINT3_ISR
0000b3d3   _XINT4_ISR
0000b3d8   _XINT5_ISR
0000b3dd   _XINT6_ISR
0000b3e2   _XINT7_ISR
00007070   _XIntruptRegs
00000b20   _XintfRegs
00009029   __IQ24cosPU
00009000   __IQ24sinPU
00000450   __STACK_END
00000050   __STACK_SIZE
00000001   __TI_args_main
ffffffff   ___binit__
ffffffff   ___c_args__
00008000   ___cinit__
0000bfeb   ___etext__
0000beb4   ___memcpy_ff
ffffffff   ___pinit__
0000b000   ___text__
0000bf4e   __args_main
0000c166   __cleanup_ptr
0000c168   __dtors_ptr
0000c164   __lock
0000bfe5   __nop
0000bfe1   __register_lock
0000bfdd   __register_unlock
00000400   __stack
0000c162   __unlock
0000bf9d   _abort
0000b56f   _atan2_tab_calc
0000d000   _atan_tab
0000bd4c   _c_int00
0000c018   _clarke1
0000bf14   _clarke_calc
0000c0a4   _dlog
0000c001   _enable_flag
0000bf9f   _exit
0000bd90   _fix2float
0000bdb0   _float2fix
0000c066   _ilg2_vdc1
0000c040   _ipark1
0000bdd0   _ipark_calc
0000c000   _lock_rotor_flag
0000b000   _main
0000c02c   _park1
0000be07   _park_calc
0000c0d8   _pid1_id
0000c140   _pid1_iq
0000c100   _pid1_spd
0000ba3c   _pid_reg3_calc
0000c022   _pwm1
0000c0c0   _qep1
0000bd05   _rampgen_calc
0000c080   _rc1
0000c058   _rg1
0000bcbb   _rmp_cntl_calc
0000b3f6   _rsvd_ISR
0000c090   _speed1
0000bbab   _speed_frq_calc
0000c002   _speed_loop_count
0000c005   _speed_loop_ps
0000c012   _speed_ref
0000c003   _speed_ref_rpm
0000c04c   _svgen_dq1
0000b3fb   _svgendq_calc
0000c008   _temp_buf1
0000c00a   _temp_buf2
0000c007   _temp_buf3
0000c006   _temp_buf4
ffffffff   binit
00008000   cinit
0000bfeb   etext
ffffffff   pinit


GLOBAL SYMBOLS: SORTED BY Symbol Address 

address    name
--------   ----
00000001   __TI_args_main
00000050   __STACK_SIZE
00000400   __stack
00000450   __STACK_END
00000880   _DevEmuRegs
00000a80   _FlashRegs
00000ae0   _CsmRegs
00000b00   _AdcMirror
00000b20   _XintfRegs
00000c00   _CpuTimer0Regs
00000c08   _CpuTimer1Regs
00000c10   _CpuTimer2Regs
00000ce0   _PieCtrlRegs
00000d00   _PieVectTable
00001000   _DmaRegs
00005000   _McbspaRegs
00005040   _McbspbRegs
00006000   _ECanaRegs
00006040   _ECanaLAMRegs
00006080   _ECanaMOTSRegs
000060c0   _ECanaMOTORegs
00006100   _ECanaMboxes
00006200   _ECanbRegs
00006240   _ECanbLAMRegs
00006280   _ECanbMOTSRegs
000062c0   _ECanbMOTORegs
00006300   _ECanbMboxes
00006800   _EPwm1Regs
00006840   _EPwm2Regs
00006880   _EPwm3Regs
000068c0   _EPwm4Regs
00006900   _EPwm5Regs
00006940   _EPwm6Regs
00006a00   _ECap1Regs
00006a20   _ECap2Regs
00006a40   _ECap3Regs
00006a60   _ECap4Regs
00006a80   _ECap5Regs
00006aa0   _ECap6Regs
00006b00   _EQep1Regs
00006b40   _EQep2Regs
00006f80   _GpioCtrlRegs
00006fc0   _GpioDataRegs
00006fe0   _GpioIntRegs
00007010   _SysCtrlRegs
00007040   _SpiaRegs
00007050   _SciaRegs
00007070   _XIntruptRegs
00007100   _AdcRegs
00007750   _ScibRegs
00007770   _ScicRegs
00007900   _I2caRegs
00008000   ___cinit__
00008000   cinit
00008184   _InitFlash
0000819f   _DSP28x_usDelay
00009000   __IQ24sinPU
00009029   __IQ24cosPU
0000b000   .text
0000b000   ___text__
0000b000   _main
0000b1b4   _PWM_ISR
0000b270   _INT13_ISR
0000b275   _INT14_ISR
0000b27a   _DATALOG_ISR
0000b27f   _RTOSINT_ISR
0000b284   _EMUINT_ISR
0000b289   _NMI_ISR
0000b28e   _ILLEGAL_ISR
0000b293   _USER1_ISR
0000b298   _USER2_ISR
0000b29d   _USER3_ISR
0000b2a2   _USER4_ISR
0000b2a7   _USER5_ISR
0000b2ac   _USER6_ISR
0000b2b1   _USER7_ISR
0000b2b6   _USER8_ISR
0000b2bb   _USER9_ISR
0000b2c0   _USER10_ISR
0000b2c5   _USER11_ISR
0000b2ca   _USER12_ISR
0000b2cf   _SEQ1INT_ISR
0000b2d4   _SEQ2INT_ISR
0000b2d9   _XINT1_ISR
0000b2de   _XINT2_ISR
0000b2e3   _ADCINT_ISR
0000b2e8   _TINT0_ISR
0000b2ed   _WAKEINT_ISR
0000b2f2   _EPWM1_TZINT_ISR
0000b2f7   _EPWM2_TZINT_ISR
0000b2fc   _EPWM3_TZINT_ISR
0000b301   _EPWM4_TZINT_ISR
0000b306   _EPWM5_TZINT_ISR
0000b30b   _EPWM6_TZINT_ISR
0000b310   _EPWM1_INT_ISR
0000b315   _EPWM2_INT_ISR
0000b31a   _EPWM3_INT_ISR
0000b31f   _EPWM4_INT_ISR
0000b324   _EPWM5_INT_ISR
0000b329   _EPWM6_INT_ISR
0000b32e   _ECAP1_INT_ISR
0000b333   _ECAP2_INT_ISR
0000b338   _ECAP3_INT_ISR
0000b33d   _ECAP4_INT_ISR
0000b342   _ECAP5_INT_ISR
0000b347   _ECAP6_INT_ISR
0000b34c   _EQEP1_INT_ISR
0000b351   _EQEP2_INT_ISR
0000b356   _SPIRXINTA_ISR
0000b35b   _SPITXINTA_ISR
0000b360   _MRINTB_ISR
0000b365   _MXINTB_ISR
0000b36a   _MRINTA_ISR
0000b36f   _MXINTA_ISR
0000b374   _DINTCH1_ISR
0000b379   _DINTCH2_ISR
0000b37e   _DINTCH3_ISR
0000b383   _DINTCH4_ISR
0000b388   _DINTCH5_ISR
0000b38d   _DINTCH6_ISR
0000b392   _I2CINT1A_ISR
0000b397   _I2CINT2A_ISR
0000b39c   _SCIRXINTC_ISR
0000b3a1   _SCITXINTC_ISR
0000b3a6   _SCIRXINTA_ISR
0000b3ab   _SCITXINTA_ISR
0000b3b0   _SCIRXINTB_ISR
0000b3b5   _SCITXINTB_ISR
0000b3ba   _ECAN0INTA_ISR
0000b3bf   _ECAN1INTA_ISR
0000b3c4   _ECAN0INTB_ISR
0000b3c9   _ECAN1INTB_ISR
0000b3ce   _XINT3_ISR
0000b3d3   _XINT4_ISR
0000b3d8   _XINT5_ISR
0000b3dd   _XINT6_ISR
0000b3e2   _XINT7_ISR
0000b3e7   _LVF_ISR
0000b3ec   _LUF_ISR
0000b3f1   _PIE_RESERVED
0000b3f6   _rsvd_ISR
0000b3fb   _svgendq_calc
0000b56f   _atan2_tab_calc
0000b6b2   _InitSysCtrl
0000b6bb   _ServiceDog
0000b6c5   _DisableDog
0000b6cd   _InitPll
0000b71b   _InitPeripheralClocks
0000b776   _CsmUnlock
0000b7a7   _F28335_PWM_Init
0000b852   _F28335_PWM_Update
0000b894   _F28335_ileg2_dcbus_drv_init
0000b8d5   _F28335_ileg2_dcbus_drv_read
0000b936   FD$$MPY
0000b9b9   FS$$DIV
0000ba3c   _pid_reg3_calc
0000babc   FS$$SUB
0000bac1   FS$$ADD
0000bb34   _F28335_QEP_Init
0000bb5d   _F28335_QEP_Calc
0000bb9b   _F28335_QEP_Isr
0000bbab   _speed_frq_calc
0000bc16   FS$$MPY
0000bc70   _DLOG_4CH_init
0000bc7b   _DLOG_4CH_update
0000bcbb   _rmp_cntl_calc
0000bd05   _rampgen_calc
0000bd4c   _c_int00
0000bd90   _fix2float
0000bdb0   _float2fix
0000bdd0   _ipark_calc
0000be07   _park_calc
0000be3e   FS$$TOL
0000be67   _InitPieCtrl
0000be86   _EnableInterrupts
0000be8f   FS$$TOI
0000beb4   ___memcpy_ff
0000bed5   _InitPieVectTable
0000bef5   FD$$TOL
0000bf14   _clarke_calc
0000bf32   FS$$TOFD
0000bf4e   __args_main
0000bf69   I$$TOFS
0000bf83   L$$TOFS
0000bf9d   C$$EXIT
0000bf9d   _abort
0000bf9f   _exit
0000bfb6   FS$$CMP
0000bfcd   U$$TOFS
0000bfdd   __register_unlock
0000bfe1   __register_lock
0000bfe5   __nop
0000bfe6   FS$$NEG
0000bfeb   ___etext__
0000bfeb   etext
0000c000   _lock_rotor_flag
0000c001   _enable_flag
0000c002   _speed_loop_count
0000c003   _speed_ref_rpm
0000c004   _IsrTicker
0000c005   _speed_loop_ps
0000c006   _temp_buf4
0000c007   _temp_buf3
0000c008   _temp_buf1
0000c009   _BackTicker
0000c00a   _temp_buf2
0000c00c   _Vq_testing
0000c00e   _Vd_testing
0000c010   _Id_ref
0000c012   _speed_ref
0000c014   _Iq_ref
0000c016   _T
0000c018   _clarke1
0000c022   _pwm1
0000c02c   _park1
0000c040   _ipark1
0000c04c   _svgen_dq1
0000c058   _rg1
0000c066   _ilg2_vdc1
0000c080   _rc1
0000c090   _speed1
0000c0a4   _dlog
0000c0c0   _qep1
0000c0d8   _pid1_id
0000c100   _pid1_spd
0000c140   _pid1_iq
0000c162   __unlock
0000c164   __lock
0000c166   __cleanup_ptr
0000c168   __dtors_ptr
0000d000   _atan_tab
0000d202   _PieVectTableInit
0033fff8   _CsmPwl
00380080   _ADC_cal
00380090   _PartIdRegs
003fe000   _IQsinTable
003fe100   _IQcosTable
003fe400   _IQsinTableEnd
003fe502   _IQcosTableEnd
003fe502   _IQdivRoundSatTable
003fe510   _IQdivTable
003fe712   _IQdivTableEnd
003fe712   _IQisqrtRoundSatTable
003fe712   _IQsqrtRoundSatTable
003fe722   _IQisqrtTable
003fe722   _IQsqrtTable
003fe824   _IQatan2HalfPITable
003fe824   _IQisqrtTableEnd
003fe824   _IQsqrtTableEnd
003fe862   _IQatan2Table
003fe9e8   _IQ30mpyRndSatTable
003fe9e8   _IQatan2TableEnd
003fe9e8   _IQmpyRndSatTable
003fe9f4   _IQ29mpyRndSatTable
003fea00   _IQ28mpyRndSatTable
003fea0c   _IQ27mpyRndSatTable
003fea18   _IQ26mpyRndSatTable
003fea24   _IQ25mpyRndSatTable
003fea30   _IQ24mpyRndSatTable
003fea3c   _IQ23mpyRndSatTable
003fea48   _IQ22mpyRndSatTable
003fea54   _IQ21mpyRndSatTable
003fea60   _IQ20mpyRndSatTable
003fea6c   _IQ19mpyRndSatTable
003fea78   _IQ18mpyRndSatTable
003fea84   _IQ17mpyRndSatTable
003fea90   _IQ16mpyRndSatTable
003fea9c   _IQ15mpyRndSatTable
003feaa8   _IQ14mpyRndSatTable
003feab4   _IQ13mpyRndSatTable
003feac0   _IQ12mpyRndSatTable
003feacc   _IQ11mpyRndSatTable
003fead8   _IQ10mpyRndSatTable
003feae4   _IQ9mpyRndSatTable
003feaf0   _IQ8mpyRndSatTable
003feafc   _IQ7mpyRndSatTable
003feb08   _IQ6mpyRndSatTable
003feb14   _IQ5mpyRndSatTable
003feb20   _IQ4mpyRndSatTable
003feb2c   _IQ3mpyRndSatTable
003feb38   _IQ2mpyRndSatTable
003feb44   _IQ1mpyRndSatTable
003feb50   _IQmpyRndSatTableEnd
ffffffff   ___binit__
ffffffff   ___c_args__
ffffffff   ___pinit__
ffffffff   binit
ffffffff   pinit

[288 symbols]
